// Jest Snapshot v1, https://goo.gl/fbAQLP

exports[`Service renders a basic Service 1`] = `
<div
  style={
    Object {
      "borderBottom": "1px solid #adb0af",
      "padding": "5px 10px",
      "width": "280px",
    }
  }
>
  <div>
    <span>
      <i
        aria-hidden="true"
        className="fa fa-exclamation-triangle"
        style={
          Object {
            "color": "#DF3E2D",
            "marginRight": "0.5em",
          }
        }
      />
      test
    </span>
  </div>
</div>
`;
