// Jest Snapshot v1, https://goo.gl/fbAQLP

exports[`Server renders server 1`] = `
<div
  onBlur={[Function]}
  onFocus={[Function]}
  onKeyDown={[Function]}
  onMouseEnter={[Function]}
  onMouseLeave={[Function]}
  style={
    Object {
      "borderBottom": "1px solid #adb0af",
      "padding": "5px 10px",
      "width": "280px",
    }
  }
  tabIndex={0}
>
  <div>
    <span>
      <i
        aria-hidden="true"
        className="fa fa-circle"
        style={
          Object {
            "color": "gray",
            "marginRight": "0.5em",
          }
        }
      />
      
    </span>
  </div>
</div>
`;
